=============================================================================
  SRAM BEOL WL INTERCONNECT OPTIMIZER
  Report: sram_beol_wl_optimization
  Generated: 2026-07-05 23:07:22 CST
  Corner: typical    WL Length: 20.000 um    Segments: 20
  Candidate Metals: M1 M2 M3 M4 M5
  BEOL Model DB: samples/beol_m1m5.csv
=============================================================================

1.0  EXECUTIVE SUMMARY
-----------------------------------------------------------------------------
  Total Patterns Evaluated           : 1098
  Pareto-Optimal (Non-dominated)     : 1
  Optimization Runtime               : 3.80 s

  *********************************************************************
  *  BEST FAR-END DELAY                                                *
  *    Pattern : M1(0.060/0.540/BAB)                                     *
  *    far_prop = 7.20 ps    far_tau = 10.43 ps                    *
  *    avg_prop = 5.15 ps    avg_tau = 7.46 ps                    *
  *    Total Width = 0.060 um    Layers = 1    Pareto = YES               *
  *********************************************************************

  *********************************************************************
  *  BEST AVERAGE DELAY                                                 *
  *    Pattern : M1(0.060/0.540/BAB)                                     *
  *    avg_prop = 5.15 ps    avg_tau = 7.46 ps                    *
  *    far_prop = 7.20 ps    far_tau = 10.43 ps                    *
  *    Total Width = 0.060 um    Layers = 1    Pareto = YES               *
  *********************************************************************

2.0  PARETO FRONT (far_prop vs avg_prop) — Top 1 Non-dominated
-----------------------------------------------------------------------------
  Rank   Pattern                                         far_prop   avg_prop    Width   L
  ------ --------------------------------------------- ---------- ---------- -------- ---
  1      M1(0.060/0.540/BAB)                                 7.20 ps       5.15 ps    0.060   1  ★FAR

3.0  FULL PATTERN RANKING (sorted by far_prop, top 20/1098)
-----------------------------------------------------------------------------
  Rank   Pattern                                      far_prop   avg_prop     far_tau    avg_tau    Width   L  Pareto
  ------ ------------------------------------------ ---------- ----------  ---------- ---------- -------- --- -------
  1      M1(0.020/0.020/ABA)                              8.60       6.11       12.47       8.86    0.020   1        
  2      M1(0.020/0.020/ABA+BAB)                         11.16       7.97       16.18      11.55    0.040   1        
  3      M1(0.020/0.020/BAB)                              8.47       6.02       12.28       8.73    0.020   1        
  4      M1(0.030/0.020/ABA)                              7.96       5.67       11.53       8.22    0.030   1        
  5      M1(0.030/0.020/ABA+BAB)                         10.69       7.65       15.49      11.08    0.060   1        
  6      M1(0.030/0.020/BAB)                              7.84       5.59       11.36       8.10    0.030   1        
  7      M1(0.060/0.540/ABA)                              7.31       5.23       10.59       7.58    0.060   1        
  8      M1(0.060/0.540/ABA+BAB)                         10.22       7.32       14.81      10.62    0.120   1        
  9      M1(0.060/0.540/BAB)                              7.20       5.15       10.43       7.46    0.060   1     YES ★FAR
  10     M2(0.020/0.020/ABA)                              8.53       6.07       12.37       8.80    0.020   1        
  11     M2(0.020/0.020/ABA+BAB)                         11.25       8.04       16.30      11.64    0.040   1        
  12     M2(0.020/0.020/BAB)                              8.41       5.98       12.19       8.67    0.020   1        
  13     M2(0.030/0.020/ABA)                              7.94       5.67       11.51       8.21    0.030   1        
  14     M2(0.030/0.020/ABA+BAB)                         10.81       7.74       15.67      11.21    0.060   1        
  15     M2(0.030/0.020/BAB)                              7.83       5.58       11.34       8.09    0.030   1        
  16     M2(0.040/0.030/ABA)                              7.65       5.46       11.08       7.92    0.040   1        
  17     M2(0.040/0.030/ABA+BAB)                         10.59       7.59       15.36      11.00    0.080   1        
  18     M2(0.040/0.030/BAB)                              7.54       5.38       10.92       7.80    0.040   1        
  19     M3(0.025/0.025/ABA)                              8.14       5.80       11.80       8.41    0.025   1        
  20     M3(0.025/0.025/ABA+BAB)                         11.09       7.93       16.07      11.50    0.050   1        
  ... 1078 more patterns truncated

4.0  EQUIVALENT RC PARAMETERS (Best Patterns)
-----------------------------------------------------------------------------
  Pattern: M1(0.060/0.540/BAB)  ★FAR
    Equiv R_per_um = 22.6667 ohm/um    C_per_um = 0.3100 fF/um
    Via (density) R_per_um = 16.0000 ohm/um  (via_R=8.0, pitch=0.5)

  Pattern: M1(0.060/0.540/BAB)  ◆AVG
    Equiv R_per_um = 22.6667 ohm/um    C_per_um = 0.3100 fF/um
    Via (density) R_per_um = 16.0000 ohm/um

5.0  CONFIGURATION ECHO
-----------------------------------------------------------------------------
  csv_path         : samples/beol_m1m5.csv
  corner           : typical
  length_um        : 20.0
  metals           : ['M1', 'M2', 'M3', 'M4', 'M5']
  max_width_um     : 0.06
  segment_um       : 1.0
  via_pitch_um     : 0.5
  driver_r_ohm     : 80.0
  device_r_ohm     : 45.0
  device_c_ff      : 0.35
  via_r_ohm        : 8.0
  output_dir       : samples/results_demo

=============================================================================
  END OF REPORT — sram_beol_wl_optimization
=============================================================================
